
Allocating common symbols
Common symbol       size              file

netbufpool          0x4               binaries/net.o
readylist           0x2               binaries/ready.o
rfltab              0x5a0             binaries/rflinit.o
netportseed         0x8               binaries/net.o
sleepq              0x2               binaries/clkinit.o
nnames              0x4               binaries/naminit.o
udptab              0x168             binaries/udp.o
minheap             0x4               binaries/meminit.o
marks               0x50              binaries/mark.o
currpid             0x4               binaries/initialize.o
Lf_data             0x20c             binaries/lfsinit.o
porttab             0x2d0             binaries/ptinit.o
girmask             0x2               binaries/evec.o
ttytab              0x110             binaries/ttyinit.o
proctab             0x1900            binaries/initialize.o
prcount             0x4               binaries/initialize.o
lfltab              0xf00             binaries/lflinit.o
rdstab              0x8c              binaries/rdsinit.o
ethertab            0x138             binaries/ethinit.o
NetData             0xb0              binaries/net.o
nmarks              0x4               binaries/mark.o
Defer               0x8               binaries/resched.o
semtab              0x4b0             binaries/initialize.o
maxheap             0x4               binaries/meminit.o
preempt             0x4               binaries/clkinit.o
buftab              0xf0              binaries/bufinit.o
Rf_data             0x18              binaries/rfsinit.o
mkmutex             0x4               binaries/mark.o
clktime             0x4               binaries/clkinit.o
arpcache            0x140             binaries/arp.o
icmptab             0x230             binaries/icmp.o
nbpools             0x4               binaries/bufinit.o
queuetab            0xc98             binaries/queue.o
ptnextid            0x4               binaries/ptinit.o
Ram                 0x19000           binaries/raminit.o
ipoqueue            0x2c              binaries/ip.o
memlist             0x8               binaries/initialize.o
nametab             0x19a0            binaries/naminit.o
ptfree              0x4               binaries/ptinit.o

Discarded input sections

 .group         0x0000000000000000        0x8 binaries/ascdate.o
 .group         0x0000000000000000        0x8 binaries/attackerA.o
 .group         0x0000000000000000        0x8 binaries/attackerB.o
 .text.__x86.get_pc_thunk.bx
                0x0000000000000000        0x4 binaries/attackerB.o
 .group         0x0000000000000000        0x8 binaries/bsend.o
 .text.__x86.get_pc_thunk.bx
                0x0000000000000000        0x4 binaries/bsend.o
 .group         0x0000000000000000        0x8 binaries/bufinit.o
 .group         0x0000000000000000        0x8 binaries/chprio.o
 .text.__x86.get_pc_thunk.bx
                0x0000000000000000        0x4 binaries/chprio.o
 .group         0x0000000000000000        0x8 binaries/clkhandler.o
 .text.__x86.get_pc_thunk.bx
                0x0000000000000000        0x4 binaries/clkhandler.o
 .group         0x0000000000000000        0x8 binaries/clkinit.o
 .text.__x86.get_pc_thunk.bx
                0x0000000000000000        0x4 binaries/clkinit.o
 .group         0x0000000000000000        0x8 binaries/close.o
 .text.__x86.get_pc_thunk.bx
                0x0000000000000000        0x4 binaries/close.o
 .group         0x0000000000000000        0x8 binaries/control.o
 .text.__x86.get_pc_thunk.bx
                0x0000000000000000        0x4 binaries/control.o
 .group         0x0000000000000000        0x8 binaries/create.o
 .group         0x0000000000000000        0x8 binaries/create.o
 .text.__x86.get_pc_thunk.cx
                0x0000000000000000        0x4 binaries/create.o
 .text.__x86.get_pc_thunk.bx
                0x0000000000000000        0x4 binaries/create.o
 .group         0x0000000000000000        0x8 binaries/early_imr.o
 .group         0x0000000000000000        0x8 binaries/early_imr.o
 .text.__x86.get_pc_thunk.ax
                0x0000000000000000        0x4 binaries/early_imr.o
 .text.__x86.get_pc_thunk.bx
                0x0000000000000000        0x4 binaries/early_imr.o
 .group         0x0000000000000000        0x8 binaries/evec.o
 .group         0x0000000000000000        0x8 binaries/evec.o
 .text.__x86.get_pc_thunk.ax
                0x0000000000000000        0x4 binaries/evec.o
 .text.__x86.get_pc_thunk.bx
                0x0000000000000000        0x4 binaries/evec.o
 .group         0x0000000000000000        0x8 binaries/exit.o
 .text.__x86.get_pc_thunk.bx
                0x0000000000000000        0x4 binaries/exit.o
 .group         0x0000000000000000        0x8 binaries/freebuf.o
 .text.__x86.get_pc_thunk.bx
                0x0000000000000000        0x4 binaries/freebuf.o
 .group         0x0000000000000000        0x8 binaries/freemem.o
 .text.__x86.get_pc_thunk.bx
[...]
Memory Configuration

Name             Origin             Length             Attributes
*default*        0x0000000000000000 0xffffffffffffffff

Linker script and memory map

                0x0000000000100000                physbase = 0x100000
                0x0000000000100000                . = physbase
                0x0000000000100000                . = ALIGN (0x1000)

.text           0x0000000000100000    0x1c000
                0x0000000000100000                text = ABSOLUTE (.)
 *(.text .text.*)
 .text          0x0000000000100000      0x1b4 binaries/start.o
                0x0000000000100024                start
                0x00000000001000f6                inb
                0x00000000001000fe                inw
                0x0000000000100107                inl
                0x000000000010010f                outb
                0x0000000000100119                outw
                0x0000000000100124                outl
                0x000000000010012e                _rtcin
                0x0000000000100139                ___udivsi3
                0x0000000000100144                ___divsi3
                0x0000000000100150                sbzero
                0x0000000000100160                insw
                0x0000000000100176                outsw
                0x000000000010018c                bcopy
                0x00000000001001a0                lidt
                0x00000000001001a8                cpuid
 .text          0x00000000001001b4      0x404 binaries/ascdate.o
                0x00000000001001b4                ascdate
 .text.__x86.get_pc_thunk.cx
                0x00000000001005b8        0x4 binaries/ascdate.o
                0x00000000001005b8                __x86.get_pc_thunk.cx
 .text          0x00000000001005bc       0xc8 binaries/attackerA.o
                0x00000000001005bc                attackerA
 .text.__x86.get_pc_thunk.bx
                0x0000000000100684        0x4 binaries/attackerA.o
                0x0000000000100684                __x86.get_pc_thunk.bx
 .text          0x0000000000100688       0xc8 binaries/attackerB.o
                0x0000000000100688                attackerB
 .text          0x0000000000100750      0x107 binaries/bsend.o
                0x0000000000100750                bsend
 .text          0x0000000000100857       0x20 binaries/bufinit.o
                0x0000000000100857                bufinit
 .text.__x86.get_pc_thunk.ax
                0x0000000000100877        0x4 binaries/bufinit.o
                0x0000000000100877                __x86.get_pc_thunk.ax
 .text          0x000000000010087b       0x96 binaries/chprio.o
                0x000000000010087b                chprio
 .text          0x0000000000100911       0xd7 binaries/clkhandler.o
                0x0000000000100911                clkhandler
 .text          0x00000000001009e8       0x95 binaries/clkinit.o
                0x00000000001009e8                clkinit
 .text          0x0000000000100a7d       0x86 binaries/close.o
                0x0000000000100a7d                close
 .text          0x0000000000100b03        0x0 binaries/conf.o
 .text          0x0000000000100b03       0x8c binaries/control.o
                0x0000000000100b03                control
 .text          0x0000000000100b8f      0x2ef binaries/create.o
                0x0000000000100b8f                create
 .text          0x0000000000100e7e      0x30e binaries/early_imr.o
                0x0000000000100e7e                intel_cln_early_sb_read_reg
                0x0000000000100f0f                intel_cln_early_sb_write_reg
                0x00000000001010ee                remove_irm_protections
 .text          0x000000000010118c      0x4f7 binaries/evec.o
                0x000000000010118c                initevec
                0x000000000010129d                set_evec
                0x000000000010135b                setirmask
                0x00000000001013cd                trap
 .text          0x0000000000101683       0x29 binaries/exit.o
                0x0000000000101683                exit
 .text          0x00000000001016ac       0xa1 binaries/freebuf.o
                0x00000000001016ac                freebuf
 .text          0x000000000010174d      0x195 binaries/freemem.o
                0x000000000010174d                freemem
 .text          0x00000000001018e2       0x9f binaries/getbuf.o
                0x00000000001018e2                getbuf
 .text          0x0000000000101981       0x86 binaries/getc.o
                0x0000000000101981                getc
 .text          0x0000000000101a07       0x86 binaries/getdev.o
                0x0000000000101a07                getdev
 .text          0x0000000000101a8d      0x111 binaries/getitem.o
                0x0000000000101a8d                getfirst
                0x0000000000101ae3                getlast
                0x0000000000101b3b                getitem
 .text.__x86.get_pc_thunk.dx
                0x0000000000101b9e        0x4 binaries/getitem.o
                0x0000000000101b9e                __x86.get_pc_thunk.dx
 .text          0x0000000000101ba2      0x132 binaries/getmem.o
                0x0000000000101ba2                getmem
 .text          0x0000000000101cd4       0x17 binaries/getpid.o
                0x0000000000101cd4                getpid
 .text          0x0000000000101ceb       0x7e binaries/getprio.o
                0x0000000000101ceb                getprio
 .text          0x0000000000101d69      0x119 binaries/getstk.o
                0x0000000000101d69                getstk
 .text          0x0000000000101e82       0x20 binaries/getticks.o
                0x0000000000101e82                getticks
 .text          0x0000000000101ea2       0x4a binaries/gettime.o
                0x0000000000101ea2                gettime
 .text          0x0000000000101eec      0x20e binaries/getutime.o
                0x0000000000101eec                getutime
 .text          0x00000000001020fa       0x47 binaries/hellomalware.o
                0x00000000001020fa                hellomalware
 .text          0x0000000000102141       0x86 binaries/init.o
                0x0000000000102141                init
 .text          0x00000000001021c7      0x3b1 binaries/initialize.o
                0x00000000001021c7                nulluser
                0x0000000000102505                stop
                0x0000000000102540                delay
 .text          0x0000000000102578       0xfe binaries/insert.o
                0x0000000000102578                insert
 .text          0x0000000000102676      0x137 binaries/insertd.o
                0x0000000000102676                insertd
 .text          0x00000000001027ad       0x14 binaries/ioerr.o
                0x00000000001027ad                ioerr
 .text          0x00000000001027c1       0x14 binaries/ionull.o
                0x00000000001027c1                ionull
 .text          0x00000000001027d5      0x1bc binaries/kill.o
                0x00000000001027d5                kill
 .text          0x0000000000102991      0x16c binaries/kprintf.o
                0x0000000000102991                kputc
                0x0000000000102a2d                kgetc
                0x0000000000102ac1                kprintf
 .text          0x0000000000102afd      0x289 binaries/main.o
                0x0000000000102afd                main
 .text          0x0000000000102d86       0xf0 binaries/mark.o
                0x0000000000102d86                markinit
                0x0000000000102dc1                mark
 .text          0x0000000000102e76      0x32d binaries/meminit.o
                0x0000000000102e76                meminit
                0x00000000001030e0                setsegs
 .text          0x00000000001031a3      0x194 binaries/mkbufpool.o
                0x00000000001031a3                mkbufpool
 .text          0x0000000000103337       0x2b binaries/mymotd.o
                0x0000000000103337                mymotd
 .text          0x0000000000103362       0xbb binaries/newqueue.o
                0x0000000000103362                newqueue
 .text          0x000000000010341d       0x8c binaries/open.o
                0x000000000010341d                open
 .text          0x00000000001034a9       0x2e binaries/panic.o
                0x00000000001034a9                panic
 .text          0x00000000001034d7      0x4a7 binaries/pci.o
                0x00000000001034d7                pci_init
                0x000000000010359d                find_pci_device
                0x000000000010368e                pci_read_config_byte
                0x00000000001036f6                pci_read_config_word
                0x0000000000103760                pci_read_config_dword
                0x00000000001037c8                pci_write_config_byte
                0x0000000000103834                pci_write_config_word
                0x00000000001038a2                pci_write_config_dword
                0x0000000000103908                pci_get_dev_mmio_base_addr
 .text          0x000000000010397e      0x10a binaries/platinit.o
                0x000000000010397e                cpu_is_quark
                0x00000000001039ac                console_init
                0x0000000000103a09                platinit
 .text          0x0000000000103a88      0x105 binaries/ptclear.o
                0x0000000000103a88                _ptclear
 .text          0x0000000000103b8d       0xaf binaries/ptcount.o
                0x0000000000103b8d                ptcount
 .text          0x0000000000103c3c      0x138 binaries/ptcreate.o
                0x0000000000103c3c                ptcreate
 .text          0x0000000000103d74       0x94 binaries/ptdelete.o
                0x0000000000103d74                ptdelete
 .text          0x0000000000103e08       0xe7 binaries/ptinit.o
                0x0000000000103e08                ptinit
 .text          0x0000000000103eef      0x135 binaries/ptrecv.o
                0x0000000000103eef                ptrecv
 .text          0x0000000000104024       0x89 binaries/ptreset.o
                0x0000000000104024                ptreset
 .text          0x00000000001040ad      0x15a binaries/ptsend.o
                0x00000000001040ad                ptsend
 .text          0x0000000000104207       0x91 binaries/putc.o
                0x0000000000104207                putc
 .text          0x0000000000104298       0xdb binaries/quark_irq.o
                0x0000000000104298                quark_irq_routing
 .text          0x0000000000104373      0x20f binaries/quark_pdat.o
                0x0000000000104373                get_quark_pdat_entry_data_by_id
                0x0000000000104475                get_quark_pdat_entry_data_by_desc
 .text          0x0000000000104582      0x13f binaries/queue.o
                0x0000000000104582                enqueue
                0x000000000010463c                dequeue
 .text          0x00000000001046c1       0x35 binaries/quietmalware.o
                0x00000000001046c1                quietmalware
 .text          0x00000000001046f6      0x2f1 binaries/rcreate.o
                0x00000000001046f6                rcreate
 .text          0x00000000001049e7       0x8c binaries/read.o
                0x00000000001049e7                read
 .text          0x0000000000104a73       0x80 binaries/ready.o
                0x0000000000104a73                ready
 .text          0x0000000000104af3      0x132 binaries/receive.o
                0x0000000000104af3                receive
 .text          0x0000000000104c25       0x6b binaries/recvclr.o
                0x0000000000104c25                recvclr
 .text          0x0000000000104c90       0xd0 binaries/recvtime.o
                0x0000000000104c90                recvtime
 .text          0x0000000000104d60      0x1c4 binaries/resched.o
                0x0000000000104d60                resched
                0x0000000000104e86                resched_cntl
 .text          0x0000000000104f24       0xb3 binaries/resume.o
                0x0000000000104f24                resume
 .text          0x0000000000104fd7       0x8a binaries/seek.o
                0x0000000000104fd7                seek
 .text          0x0000000000105061       0x87 binaries/semcount.o
                0x0000000000105061                semcount
 .text          0x00000000001050e8      0x100 binaries/semcreate.o
                0x00000000001050e8                semcreate
 .text          0x00000000001051e8       0xdf binaries/semdelete.o
                0x00000000001051e8                semdelete
 .text          0x00000000001052c7       0xe3 binaries/semreset.o
                0x00000000001052c7                semreset
 .text          0x00000000001053aa       0xef binaries/send.o
                0x00000000001053aa                send
 .text          0x0000000000105499       0xba binaries/signal.o
                0x0000000000105499                signal
 .text          0x0000000000105553       0xe8 binaries/signaln.o
                0x0000000000105553                signaln
 .text          0x000000000010563b      0x107 binaries/sleep.o
                0x000000000010563b                sleep
                0x0000000000105693                sleepms
 .text          0x0000000000105742       0xe9 binaries/suspend.o
                0x0000000000105742                suspend
 .text          0x000000000010582b       0xf4 binaries/unsleep.o
                0x000000000010582b                unsleep
 .text          0x000000000010591f       0x29 binaries/userret.o
                0x000000000010591f                userret
 .text          0x0000000000105948       0x7d binaries/victimA.o
                0x0000000000105948                victimA
 .text          0x00000000001059c5       0xf0 binaries/wait.o
                0x00000000001059c5                wait
 .text          0x0000000000105ab5       0x98 binaries/wakeup.o
                0x0000000000105ab5                wakeup
 .text          0x0000000000105b4d       0x8c binaries/write.o
                0x0000000000105b4d                write
 .text          0x0000000000105bd9       0x2f binaries/xdone.o
                0x0000000000105bd9                xdone
 .text          0x0000000000105c08       0x37 binaries/yield.o
                0x0000000000105c08                yield
 .text          0x0000000000105c3f       0x1b binaries/abs.o
                0x0000000000105c3f                abs
 .text          0x0000000000105c5a       0x99 binaries/atoi.o
                0x0000000000105c5a                atoi
 .text          0x0000000000105cf3       0x99 binaries/atol.o
                0x0000000000105cf3                atol
 .text          0x0000000000105d8c       0x3c binaries/bzero.o
                0x0000000000105d8c                bzero
 .text          0x0000000000105dc8        0x0 binaries/ctype_.o
 .text          0x0000000000105dc8      0x94d binaries/doprnt.o
                0x0000000000105dc8                _doprnt
 .text          0x0000000000106715      0x6cb binaries/doscan.o
                0x0000000000106715                _doscan
 .text.__x86.get_pc_thunk.di
                0x0000000000106de0        0x4 binaries/doscan.o
                0x0000000000106de0                __x86.get_pc_thunk.di
 .text          0x0000000000106de4      0x76a binaries/fdoprnt.o
                0x0000000000106de4                _fdoprnt
 .text          0x000000000010754e       0x39 binaries/fgetc.o
                0x000000000010754e                fgetc
 .text          0x0000000000107587       0x84 binaries/fgets.o
                0x0000000000107587                fgets
 .text          0x000000000010760b       0x3c binaries/fprintf.o
                0x000000000010760b                fprintf
 .text          0x0000000000107647       0x3c binaries/fputc.o
                0x0000000000107647                fputc
 .text          0x0000000000107683       0x52 binaries/fputs.o
                0x0000000000107683                fputs
 .text          0x00000000001076d5       0xb8 binaries/fscanf.o
                0x00000000001076d5                fscanf
 .text          0x000000000010778d       0x40 binaries/getchar.o
                0x000000000010778d                getchar
 .text          0x00000000001077cd       0x1b binaries/labs.o
                0x00000000001077cd                labs
 .text          0x00000000001077e8        0x0 binaries/memchr.o
 .text          0x00000000001077e8       0x5b binaries/memcmp.o
                0x00000000001077e8                memcmp
 .text          0x0000000000107843       0x49 binaries/memcpy.o
                0x0000000000107843                memcpy
 .text          0x000000000010788c       0x3a binaries/memset.o
                0x000000000010788c                memset
 .text          0x00000000001078c6       0x56 binaries/printf.o
                0x00000000001078c6                printf
 .text          0x000000000010791c       0x43 binaries/putchar.o
                0x000000000010791c                putchar
 .text          0x000000000010795f      0x2b7 binaries/qsort.o
                0x000000000010795f                qsort
 .text          0x0000000000107c16       0x81 binaries/rand.o
                0x0000000000107c16                rand
                0x0000000000107c3a                rand_r
                0x0000000000107c7e                srand
 .text          0x0000000000107c97       0x82 binaries/sprintf.o
                0x0000000000107c97                sprintf
 .text          0x0000000000107d19       0x98 binaries/sscanf.o
                0x0000000000107d19                sscanf
 .text          0x0000000000107db1       0x46 binaries/strchr.o
                0x0000000000107db1                strchr
 .text          0x0000000000107df7       0x4f binaries/strcmp.o
                0x0000000000107df7                strcmp
 .text          0x0000000000107e46       0x31 binaries/strcpy.o
                0x0000000000107e46                strcpy
 .text          0x0000000000107e77       0x30 binaries/strlen.o
                0x0000000000107e77                strlen
 .text          0x0000000000107ea7       0x60 binaries/strncat.o
                0x0000000000107ea7                strncat
 .text          0x0000000000107f07       0x68 binaries/strncmp.o
                0x0000000000107f07                strncmp
 .text          0x0000000000107f6f       0x59 binaries/strncpy.o
                0x0000000000107f6f                strncpy
 .text          0x0000000000107fc8       0x38 binaries/strnlen.o
                0x0000000000107fc8                strnlen
 .text          0x0000000000108000       0x4f binaries/strrchr.o
                0x0000000000108000                strrchr
 .text          0x000000000010804f       0x78 binaries/strstr.o
                0x000000000010804f                strstr
 .text          0x00000000001080c7       0xfb binaries/ttycontrol.o
                0x00000000001080c7                ttycontrol
 .text          0x00000000001081c2       0xab binaries/ttygetc.o
                0x00000000001081c2                ttygetc
 .text          0x000000000010826d      0x713 binaries/ttyhandle_in.o
                0x000000000010826d                ttyhandle_in
 .text          0x0000000000108980      0x197 binaries/ttyhandle_out.o
                0x0000000000108980                ttyhandle_out
 .text          0x0000000000108b17       0xcf binaries/ttyhandler.o
                0x0000000000108b17                ttyhandler
 .text          0x0000000000108be6      0x203 binaries/ttyinit.o
                0x0000000000108be6                ttyinit
 .text          0x0000000000108de9       0x1a binaries/ttykickout.o
                0x0000000000108de9                ttykickout
 .text          0x0000000000108e03       0xc9 binaries/ttyputc.o
                0x0000000000108e03                ttyputc
 .text          0x0000000000108ecc      0x12d binaries/ttyread.o
                0x0000000000108ecc                ttyread
 .text          0x0000000000108ff9       0x5c binaries/ttywrite.o
                0x0000000000108ff9                ttywrite
 .text          0x0000000000109055      0x174 binaries/mount.o
                0x0000000000109055                mount
                0x0000000000109189                namlen
 .text          0x00000000001091c9      0x220 binaries/naminit.o
                0x00000000001091c9                naminit
 .text          0x00000000001093e9      0x243 binaries/nammap.o
                0x00000000001093e9                nammap
                0x0000000000109486                namrepl
                0x00000000001095d2                namcpy
 .text          0x000000000010962c       0x5d binaries/namopen.o
                0x000000000010962c                namopen
 .text          0x0000000000109689       0xa8 binaries/ethcontrol.o
                0x0000000000109689                ethcontrol
 .text          0x0000000000109731      0x19f binaries/ethhandler.o
                0x0000000000109731                ethhandler
 .text          0x00000000001098d0      0x770 binaries/ethinit.o
                0x00000000001098d0                eth_phy_read
                0x0000000000109944                eth_phy_write
                0x00000000001099c3                eth_phy_reset
                0x0000000000109b17                ethinit
 .text.__x86.get_pc_thunk.si
                0x000000000010a040        0x4 binaries/ethinit.o
                0x000000000010a040                __x86.get_pc_thunk.si
 .text          0x000000000010a044      0x19c binaries/ethmcast.o
                0x000000000010a044                ethmcast_add
                0x000000000010a0d1                ethmcast_remove
 .text          0x000000000010a1e0      0x1a1 binaries/ethread.o
                0x000000000010a1e0                ethread
 .text          0x000000000010a381      0x10a binaries/ethwrite.o
                0x000000000010a381                ethwrite
 .text          0x000000000010a48b       0xaf binaries/rdsbufalloc.o
                0x000000000010a48b                rdsbufalloc
 .text          0x000000000010a53a       0xcf binaries/rdsclose.o
                0x000000000010a53a                rdsclose
 .text          0x000000000010a609      0x304 binaries/rdscomm.o
                0x000000000010a609                rdscomm
 .text          0x000000000010a90d      0x242 binaries/rdscontrol.o
                0x000000000010a90d                rdscontrol
 .text          0x000000000010ab4f      0x204 binaries/rdsinit.o
                0x000000000010ab4f                rdsinit
 .text          0x000000000010ad53      0x1a4 binaries/rdsopen.o
                0x000000000010ad53                rdsopen
 .text          0x000000000010aef7      0x471 binaries/rdsprocess.o
                0x000000000010aef7                rdsprocess
 .text          0x000000000010b368      0x262 binaries/rdsread.o
                0x000000000010b368                rdsread
 .text          0x000000000010b5ca      0x202 binaries/rdswrite.o
                0x000000000010b5ca                rdswrite
 .text          0x000000000010b7cc       0x14 binaries/ramclose.o
                0x000000000010b7cc                ramclose
 .text          0x000000000010b7e0       0x58 binaries/raminit.o
                0x000000000010b7e0                raminit
 .text          0x000000000010b838       0x14 binaries/ramopen.o
                0x000000000010b838                ramopen
 .text          0x000000000010b84c       0x47 binaries/ramread.o
                0x000000000010b84c                ramread
 .text          0x000000000010b893       0x47 binaries/ramwrite.o
                0x000000000010b893                ramwrite
 .text          0x000000000010b8da       0xc4 binaries/lfdballoc.o
                0x000000000010b8da                lfdballoc
 .text          0x000000000010b99e       0x6c binaries/lfdbfree.o
                0x000000000010b99e                lfdbfree
 .text          0x000000000010ba0a       0xe0 binaries/lfflush.o
                0x000000000010ba0a                lfflush
 .text          0x000000000010baea       0xe2 binaries/lfgetmode.o
                0x000000000010baea                lfgetmode
 .text          0x000000000010bbcc       0x92 binaries/lfiballoc.o
                0x000000000010bbcc                lfiballoc
 .text          0x000000000010bc5e       0x45 binaries/lfibclear.o
                0x000000000010bc5e                lfibclear
 .text          0x000000000010bca3       0xbc binaries/lfibget.o
                0x000000000010bca3                lfibget
 .text          0x000000000010bd5f       0xeb binaries/lfibput.o
                0x000000000010bd5f                lfibput
 .text          0x000000000010be4a       0xbb binaries/lflclose.o
                0x000000000010be4a                lflclose
 .text          0x000000000010bf05       0xef binaries/lflcontrol.o
                0x000000000010bf05                lflcontrol
 .text          0x000000000010bff4      0x104 binaries/lflgetc.o
                0x000000000010bff4                lflgetc
 .text          0x000000000010c0f8      0x102 binaries/lflinit.o
                0x000000000010c0f8                lflinit
 .text          0x000000000010c1fa      0x13a binaries/lflputc.o
                0x000000000010c1fa                lflputc
 .text          0x000000000010c334       0x7f binaries/lflread.o
                0x000000000010c334                lflread
 .text          0x000000000010c3b3       0xbe binaries/lflseek.o
                0x000000000010c3b3                lflseek
 .text          0x000000000010c471       0x64 binaries/lflwrite.o
                0x000000000010c471                lflwrite
 .text          0x000000000010c4d5       0x6c binaries/lfscheck.o
                0x000000000010c4d5                lfscheck
 .text          0x000000000010c541      0x194 binaries/lfsckfmt.o
                0x000000000010c541                lfsckfmt
 .text          0x000000000010c6d5      0x1be binaries/lfscreate.o
                0x000000000010c6d5                lfscreate
 .text          0x000000000010c893      0x2a3 binaries/lfsetup.o
                0x000000000010c893                lfsetup
 .text          0x000000000010cb36       0x81 binaries/lfsinit.o
                0x000000000010cb36                lfsinit
 .text          0x000000000010cbb7      0x411 binaries/lfsopen.o
                0x000000000010cbb7                lfsopen
 .text          0x000000000010cfc8      0x18a binaries/lftruncate.o
                0x000000000010cfc8                lftruncate
 .text          0x000000000010d152       0x8f binaries/rflclose.o
                0x000000000010d152                rflclose
 .text          0x000000000010d1e1       0x42 binaries/rflgetc.o
                0x000000000010d1e1                rflgetc
 .text          0x000000000010d223       0x86 binaries/rflinit.o
                0x000000000010d223                rflinit
 .text          0x000000000010d2a9       0x43 binaries/rflputc.o
                0x000000000010d2a9                rflputc
 .text          0x000000000010d2ec      0x396 binaries/rflread.o
                0x000000000010d2ec                rflread
 .text          0x000000000010d682       0x92 binaries/rflseek.o
                0x000000000010d682                rflseek
 .text          0x000000000010d714      0x381 binaries/rflwrite.o
                0x000000000010d714                rflwrite
 .text          0x000000000010da95      0x21d binaries/rfscomm.o
                0x000000000010da95                rfscomm
 .text          0x000000000010dcb2      0x2cc binaries/rfscontrol.o
                0x000000000010dcb2                rfscontrol
 .text          0x000000000010df7e       0xe2 binaries/rfsgetmode.o
                0x000000000010df7e                rfsgetmode
 .text          0x000000000010e060       0xb5 binaries/rfsinit.o
                0x000000000010e060                rfsinit
 .text          0x000000000010e115      0x122 binaries/rfsndmsg.o
                0x000000000010e115                rfsndmsg
 .text          0x000000000010e237      0x2e3 binaries/rfsopen.o
                0x000000000010e237                rfsopen
 .text          0x000000000010e51a      0x8e6 binaries/arp.o
                0x000000000010e51a                arp_init
                0x000000000010e560                arp_resolve
                0x000000000010e84e                arp_in
                0x000000000010eb30                arp_alloc
                0x000000000010ec12                arp_ntoh
                0x000000000010ed09                arp_hton
 .text          0x000000000010ee00      0x97b binaries/dhcp.o
                0x000000000010ee00                dhcp_get_opt_val
                0x000000000010ee63                dhcp_bld_bootp_msg
                0x000000000010ef8a                dhcp_bld_disc
                0x000000000010f07d                dhcp_bld_req
                0x000000000010f200                getlocalip
 .text          0x000000000010f77b      0x5f4 binaries/dns.o
                0x000000000010f77b                dnslookup
 .text          0x000000000010fd6f       0xf4 binaries/dot2ip.o
                0x000000000010fd6f                dot2ip
 .text          0x000000000010fe63      0x528 binaries/hexdump.o
                0x000000000010fe63                hexdump
                0x0000000000110031                hexadump
 .text          0x000000000011038b      0x939 binaries/icmp.o
                0x000000000011038b                icmp_init
                0x00000000001103d1                icmp_in
                0x00000000001105b2                icmp_register
                0x00000000001106bc                icmp_recv
                0x000000000011085a                icmp_send
                0x00000000001108ef                icmp_mkpkt
                0x0000000000110a23                icmp_release
                0x0000000000110b30                icmp_cksum
                0x0000000000110bc6                icmp_hton
                0x0000000000110c45                icmp_ntoh
 .text          0x0000000000110cc4      0x96c binaries/ip.o
                0x0000000000110cc4                ip_in
                0x0000000000110e69                ip_send
                0x0000000000110feb                ip_local
                0x000000000011104c                ip_out
                0x0000000000111194                ipcksum
                0x0000000000111224                ip_ntoh
                0x000000000011131b                ip_hton
                0x0000000000111412                ipout
                0x0000000000111569                ip_enqueue
 .text          0x0000000000111630      0x337 binaries/net.o
                0x0000000000111630                net_init
                0x0000000000111790                netin
                0x000000000011185e                eth_hton
                0x0000000000111893                eth_ntoh
                0x00000000001118c8                getport
 .text          0x0000000000111967     0x15bc binaries/pdump.o
                0x0000000000111967                pdump
                0x00000000001127bf                pdumph
 .text          0x0000000000112f23      0x4ee binaries/tftp.o
                0x0000000000112f23                tftp_send1
                0x00000000001130b6                tftpget
 .text          0x0000000000113411      0xc36 binaries/udp.o
                0x0000000000113411                udp_init
                0x0000000000113457                udp_in
                0x00000000001135aa                udp_register
                0x00000000001136f9                udp_recv
                0x00000000001138a8                udp_recvaddr
                0x0000000000113a6f                udp_send
                0x0000000000113c72                udp_sendto
                0x0000000000113e3d                udp_release
                0x0000000000113f49                udp_ntoh
                0x0000000000113fc8                udp_hton
 .text          0x0000000000114047      0x148 binaries/addargs.o
                0x0000000000114047                addargs
 .text          0x000000000011418f      0x2d1 binaries/lexan.o
                0x000000000011418f                lexan
 .text          0x0000000000114460      0x6c8 binaries/shell.o
                0x0000000000114460                shell
 .text          0x0000000000114b28       0x7e binaries/xsh_argecho.o
                0x0000000000114b28                xsh_argecho
 .text          0x0000000000114ba6      0x2cc binaries/xsh_arp.o
                0x0000000000114ba6                xsh_arp
 .text          0x0000000000114e72      0x27e binaries/xsh_cat.o
                0x0000000000114e72                xsh_cat
 .text          0x00000000001150f0       0x73 binaries/xsh_clear.o
                0x00000000001150f0                xsh_clear
 .text          0x0000000000115163      0x32e binaries/xsh_date.o
                0x0000000000115163                xsh_date
 .text          0x0000000000115491       0xc4 binaries/xsh_devdump.o
                0x0000000000115491                xsh_devdump
 .text          0x0000000000115555       0x87 binaries/xsh_echo.o
                0x0000000000115555                xsh_echo
 .text          0x00000000001155dc       0x14 binaries/xsh_exit.o
                0x00000000001155dc                xsh_exit
 .text          0x00000000001155f0      0x3d8 binaries/xsh_help.o
                0x00000000001155f0                xsh_help
 .text          0x00000000001159c8      0x261 binaries/xsh_kill.o
                0x00000000001159c8                xsh_kill
 .text          0x0000000000115c29      0x580 binaries/xsh_memdump.o
                0x0000000000115c29                xsh_memdump
 .text          0x00000000001161a9      0x2fa binaries/xsh_memstat.o
                0x00000000001161a9                xsh_memstat
 .text          0x00000000001164a3      0x5b9 binaries/xsh_netinfo.o
                0x00000000001164a3                xsh_netinfo
 .text          0x0000000000116a5c      0x4a6 binaries/xsh_ping.o
                0x0000000000116a5c                xsh_ping
 .text          0x0000000000116f02      0x266 binaries/xsh_ps.o
                0x0000000000116f02                xsh_ps
 .text          0x0000000000117168      0x23f binaries/xsh_sleep.o
                0x0000000000117168                xsh_sleep
 .text          0x00000000001173a7      0x2c7 binaries/xsh_udpdump.o
                0x00000000001173a7                xsh_udpdump
 .text          0x000000000011766e      0x4ec binaries/xsh_udpecho.o
                0x000000000011766e                xsh_udpecho
 .text          0x0000000000117b5a      0x2cc binaries/xsh_udpserver.o
                0x0000000000117b5a                xsh_udpeserver
 .text          0x0000000000117e26      0x21f binaries/xsh_uptime.o
                0x0000000000117e26                xsh_uptime
 .text          0x0000000000118045        0xe binaries/clkdisp.o
                0x0000000000118045                clkdisp
 .text          0x0000000000118053       0x19 binaries/ctxsw.o
                0x0000000000118053                ctxsw
 .text          0x000000000011806c      0x368 binaries/intr.o
                0x000000000011806c                disable
                0x0000000000118075                restore
                0x0000000000118083                enable
                0x0000000000118085                pause
                0x000000000011808c                halt
                0x000000000011808f                spurious_irq7
                0x0000000000118094                spurious_irq15
                0x00000000001180a3                _Xint0
                0x00000000001180ae                _Xint1
                0x00000000001180b9                _Xint2
                0x00000000001180c4                _Xint3
                0x00000000001180cf                _Xint4
                0x00000000001180da                _Xint5
                0x00000000001180e5                _Xint6
                0x00000000001180f0                _Xint7
                0x00000000001180fb                _Xint8
                0x0000000000118106                _Xint9
                0x0000000000118111                _Xint10
                0x000000000011811c                _Xint11
                0x000000000011812a                _Xint12
                0x0000000000118138                _Xint13
                0x0000000000118146                _Xint14
                0x0000000000118154                _Xint15
                0x0000000000118162                _Xint16
                0x0000000000118170                _Xint17
                0x000000000011817e                _Xint18
                0x000000000011818c                _Xint19
                0x000000000011819a                _Xint20
                0x00000000001181a8                _Xint21
                0x00000000001181b6                _Xint22
                0x00000000001181c4                _Xint23
                0x00000000001181d2                _Xint24
                0x00000000001181e0                _Xint25
                0x00000000001181ee                _Xint26
                0x00000000001181fc                _Xint27
                0x000000000011820a                _Xint28
                0x0000000000118218                _Xint29
                0x0000000000118226                _Xint30
                0x0000000000118234                _Xint31
                0x0000000000118242                _Xint32
                0x0000000000118250                _Xint33
                0x000000000011825e                _Xint34
                0x000000000011826c                _Xint35
                0x000000000011827a                _Xint36
                0x0000000000118288                _Xint37
                0x0000000000118296                _Xint38
                0x00000000001182a4                _Xint39
                0x00000000001182b2                _Xint40
                0x00000000001182c0                _Xint41
                0x00000000001182ce                _Xint42
                0x00000000001182dc                _Xint43
                0x00000000001182ea                _Xint44
                0x00000000001182f8                _Xint45
                0x0000000000118306                _Xint46
                0x0000000000118314                defevec
 .text          0x00000000001183d4        0xf binaries/ttydispatch.o
                0x00000000001183d4                ttydispatch
 .text          0x00000000001183e3       0x13 binaries/ethdispatch.o
                0x00000000001183e3                ethdispatch
 *(.rodata .rodata.*)
 *fill*         0x00000000001183f6        0x2 
 .rodata        0x00000000001183f8       0x8e binaries/ascdate.o
 *fill*         0x0000000000118486        0x2 
 .rodata        0x0000000000118488       0x29 binaries/bsend.o
 .rodata        0x00000000001184b1       0xae binaries/conf.o
 *fill*         0x000000000011855f        0x1 
 .rodata        0x0000000000118560       0x83 binaries/early_imr.o
 *fill*         0x00000000001185e3        0x1 
 .rodata        0x00000000001185e4      0x265 binaries/evec.o
 *fill*         0x0000000000118849        0x3 
 .rodata        0x000000000011884c       0x61 binaries/getutime.o
 *fill*         0x00000000001188ad        0x3 
 .rodata        0x00000000001188b0       0x28 binaries/hellomalware.o
 .rodata        0x00000000001188d8      0x128 binaries/initialize.o
 .rodata        0x0000000000118a00       0x20 binaries/kill.o
 .rodata        0x0000000000118a20      0x22a binaries/main.o
 *fill*         0x0000000000118c4a        0x2 
 .rodata        0x0000000000118c4c       0x3e binaries/meminit.o
 .rodata        0x0000000000118c8a       0x10 binaries/mymotd.o
 .rodata        0x0000000000118c9a        0xf binaries/panic.o
 .rodata        0x0000000000118ca9       0x1d binaries/ptinit.o
 *fill*         0x0000000000118cc6        0x2 
 .rodata        0x0000000000118cc8       0x25 binaries/ptsend.o
 .rodata        0x0000000000118ced       0x22 binaries/quark_pdat.o
 *fill*         0x0000000000118d0f        0x1 
 .rodata        0x0000000000118d10       0xcc binaries/receive.o
 .rodata        0x0000000000118ddc       0x2b binaries/victimA.o
 *fill*         0x0000000000118e07        0x1 
 .rodata        0x0000000000118e08       0x27 binaries/xdone.o
 *fill*         0x0000000000118e2f       0x11 
 .rodata        0x0000000000118e40       0x81 binaries/ctype_.o
                0x0000000000118e40                _ctype_
 *fill*         0x0000000000118ec1        0x3 
 .rodata        0x0000000000118ec4       0xee binaries/doprnt.o
 *fill*         0x0000000000118fb2        0x2 
 .rodata        0x0000000000118fb4       0x98 binaries/doscan.o
 .rodata        0x000000000011904c       0xae binaries/fdoprnt.o
 *fill*         0x00000000001190fa        0x2 
 .rodata        0x00000000001190fc       0x20 binaries/ttycontrol.o
 .rodata        0x000000000011911c       0x34 binaries/ttyhandler.o
 .rodata        0x0000000000119150       0x80 binaries/naminit.o
 .rodata        0x00000000001191d0       0x46 binaries/ethinit.o
 *fill*         0x0000000000119216        0x2 
 .rodata        0x0000000000119218       0x2c binaries/rdsbufalloc.o
 .rodata        0x0000000000119244       0x76 binaries/rdscomm.o
 *fill*         0x00000000001192ba        0x2 
 .rodata        0x00000000001192bc       0x48 binaries/rdscontrol.o
 .rodata        0x0000000000119304       0x96 binaries/rdsinit.o
 *fill*         0x000000000011939a        0x2 
 .rodata        0x000000000011939c       0x22 binaries/rdsopen.o
 *fill*         0x00000000001193be        0x2 
 .rodata        0x00000000001193c0       0x4d binaries/rdsprocess.o
 .rodata        0x000000000011940d        0x9 binaries/raminit.o
 *fill*         0x0000000000119416        0x2 
 .rodata        0x0000000000119418       0x37 binaries/lfdballoc.o
 .rodata        0x000000000011944f       0x14 binaries/lfiballoc.o
 *fill*         0x0000000000119463        0x1 
 .rodata        0x0000000000119464       0x23 binaries/lflcontrol.o
 *fill*         0x0000000000119487        0x1 
 .rodata        0x0000000000119488      0x11b binaries/lfsckfmt.o
 *fill*         0x00000000001195a3        0x1 
 .rodata        0x00000000001195a4       0x2a binaries/lfsopen.o
 *fill*         0x00000000001195ce        0x2 
 .rodata        0x00000000001195d0       0x21 binaries/rflread.o
 *fill*         0x00000000001195f1        0x3 
 .rodata        0x00000000001195f4       0x21 binaries/rflwrite.o
 *fill*         0x0000000000119615        0x3 
 .rodata        0x0000000000119618       0x75 binaries/rfscomm.o
 *fill*         0x000000000011968d        0x3 
 .rodata        0x0000000000119690       0x3c binaries/rfscontrol.o
 .rodata        0x00000000001196cc       0x63 binaries/rfsinit.o
 *fill*         0x000000000011972f        0x1 
 .rodata        0x0000000000119730       0x2a binaries/rfsndmsg.o
 *fill*         0x000000000011975a        0x2 
 .rodata        0x000000000011975c       0x22 binaries/rfsopen.o
 *fill*         0x000000000011977e        0x2 
 .rodata        0x0000000000119780       0x3a binaries/arp.o
 *fill*         0x00000000001197ba        0x2 
 .rodata        0x00000000001197bc       0xcf binaries/dhcp.o
 .rodata        0x000000000011988b       0x1a binaries/dns.o
 *fill*         0x00000000001198a5        0x3 
 .rodata        0x00000000001198a8       0xc9 binaries/hexdump.o
 *fill*         0x0000000000119971        0x3 
 .rodata        0x0000000000119974       0x29 binaries/icmp.o
 *fill*         0x000000000011999d        0x3 
 .rodata        0x00000000001199a0       0x6e binaries/ip.o
 *fill*         0x0000000000119a0e        0x2 
 .rodata        0x0000000000119a10       0x4f binaries/net.o
 *fill*         0x0000000000119a5f        0x1 
 .rodata        0x0000000000119a60      0x26f binaries/pdump.o
 *fill*         0x0000000000119ccf        0x1 
 .rodata        0x0000000000119cd0      0x10c binaries/tftp.o
 .rodata        0x0000000000119ddc      0x2c1 binaries/shell.o
 .rodata        0x000000000011a09d       0x28 binaries/xsh_argecho.o
 *fill*         0x000000000011a0c5        0x3 
 .rodata        0x000000000011a0c8      0x123 binaries/xsh_arp.o
 *fill*         0x000000000011a1eb        0x1 
 .rodata        0x000000000011a1ec       0xc9 binaries/xsh_cat.o
 .rodata        0x000000000011a2b5       0x19 binaries/xsh_clear.o
 *fill*         0x000000000011a2ce        0x2 
 .rodata        0x000000000011a2d0      0x1c3 binaries/xsh_date.o
 .rodata        0x000000000011a493       0x5d binaries/xsh_devdump.o
 .rodata        0x000000000011a4f0        0x9 binaries/xsh_echo.o
 *fill*         0x000000000011a4f9        0x3 
 .rodata        0x000000000011a4fc      0x169 binaries/xsh_help.o
 *fill*         0x000000000011a665        0x3 
 .rodata        0x000000000011a668      0x12e binaries/xsh_kill.o
 *fill*         0x000000000011a796        0x2 
 .rodata        0x000000000011a798      0x266 binaries/xsh_memdump.o
 *fill*         0x000000000011a9fe        0x2 
 .rodata        0x000000000011aa00      0x225 binaries/xsh_memstat.o
 *fill*         0x000000000011ac25        0x3 
 .rodata        0x000000000011ac28      0x1b0 binaries/xsh_netinfo.o
 .rodata        0x000000000011add8      0x1a1 binaries/xsh_ping.o
 *fill*         0x000000000011af79        0x3 
 .rodata        0x000000000011af7c      0x1a8 binaries/xsh_ps.o
 .rodata        0x000000000011b124       0xeb binaries/xsh_sleep.o
 *fill*         0x000000000011b20f        0x1 
 .rodata        0x000000000011b210      0x1b8 binaries/xsh_udpdump.o
 .rodata        0x000000000011b3c8      0x215 binaries/xsh_udpecho.o
 *fill*         0x000000000011b5dd        0x3 
 .rodata        0x000000000011b5e0      0x12b binaries/xsh_udpserver.o
 *fill*         0x000000000011b70b        0x1 
 .rodata        0x000000000011b70c      0x105 binaries/xsh_uptime.o
                0x000000000011b811                etext = ABSOLUTE (.)
                0x000000000011c000                . = ALIGN (0x1000)
 *fill*         0x000000000011b811      0x7ef 

.eh_frame       0x000000000011c000     0x30e8
 .eh_frame      0x000000000011c000       0x50 binaries/ascdate.o
 .eh_frame      0x000000000011c050       0x38 binaries/attackerA.o
                                         0x50 (size before relaxing)
 .eh_frame      0x000000000011c088       0x24 binaries/attackerB.o
                                         0x50 (size before relaxing)
 .eh_frame      0x000000000011c0ac       0x24 binaries/bsend.o
                                         0x50 (size before relaxing)
 .eh_frame      0x000000000011c0d0       0x34 binaries/bufinit.o
                                         0x4c (size before relaxing)
 .eh_frame      0x000000000011c104       0x24 binaries/chprio.o
                                         0x50 (size before relaxing)
 .eh_frame      0x000000000011c128       0x24 binaries/clkhandler.o
                                         0x50 (size before relaxing)
 .eh_frame      0x000000000011c14c       0x24 binaries/clkinit.o
                                         0x50 (size before relaxing)
 .eh_frame      0x000000000011c170       0x24 binaries/close.o
                                         0x50 (size before relaxing)
 .eh_frame      0x000000000011c194       0x24 binaries/control.o
                                         0x50 (size before relaxing)
 .eh_frame      0x000000000011c1b8       0x48 binaries/create.o
                                         0x88 (size before relaxing)
 .eh_frame      0x000000000011c200      0x114 binaries/early_imr.o
                                        0x154 (size before relaxing)
 .eh_frame      0x000000000011c314       0x90 binaries/evec.o
                                         0xd0 (size before relaxing)
 .eh_frame      0x000000000011c3a4       0x24 binaries/exit.o
                                         0x50 (size before relaxing)
 .eh_frame      0x000000000011c3c8       0x24 binaries/freebuf.o
                                         0x50 (size before relaxing)
 .eh_frame      0x000000000011c3ec       0x24 binaries/freemem.o
                                         0x50 (size before relaxing)
 .eh_frame      0x000000000011c410       0x24 binaries/getbuf.o
                                         0x50 (size before relaxing)
 .eh_frame      0x000000000011c434       0x24 binaries/getc.o
                                         0x50 (size before relaxing)
 .eh_frame      0x000000000011c458       0x24 binaries/getdev.o
                                         0x50 (size before relaxing)
 .eh_frame      0x000000000011c47c       0x78 binaries/getitem.o
                                         0xa4 (size before relaxing)
 .eh_frame      0x000000000011c4f4       0x24 binaries/getmem.o
                                         0x50 (size before relaxing)
 .eh_frame      0x000000000011c518       0x20 binaries/getpid.o
                                         0x4c (size before relaxing)
 .eh_frame      0x000000000011c538       0x24 binaries/getprio.o
                                         0x50 (size before relaxing)
 .eh_frame      0x000000000011c55c       0x24 binaries/getstk.o
                                         0x50 (size before relaxing)
 .eh_frame      0x000000000011c580       0x20 binaries/getticks.o
                                         0x4c (size before relaxing)
 .eh_frame      0x000000000011c5a0       0x24 binaries/gettime.o
                                         0x50 (size before relaxing)
 .eh_frame      0x000000000011c5c4       0x24 binaries/getutime.o
                                         0x50 (size before relaxing)
 .eh_frame      0x000000000011c5e8       0x24 binaries/hellomalware.o
                                         0x50 (size before relaxing)
 .eh_frame      0x000000000011c60c       0x24 binaries/init.o
                                         0x50 (size before relaxing)
 .eh_frame      0x000000000011c630       0xa4 binaries/initialize.o
                                         0xe4 (size before relaxing)
 .eh_frame      0x000000000011c6d4       0x24 binaries/insert.o
                                         0x50 (size before relaxing)
 .eh_frame      0x000000000011c6f8       0x28 binaries/insertd.o
                                         0x54 (size before relaxing)
 .eh_frame      0x000000000011c720       0x20 binaries/ioerr.o
                                         0x4c (size before relaxing)
 .eh_frame      0x000000000011c740       0x20 binaries/ionull.o
                                         0x4c (size before relaxing)
 .eh_frame      0x000000000011c760       0x2c binaries/kill.o
                                         0x58 (size before relaxing)
 .eh_frame      0x000000000011c78c       0x6c binaries/kprintf.o
                                         0xac (size before relaxing)
 .eh_frame      0x000000000011c7f8       0x38 binaries/main.o
                                         0x64 (size before relaxing)
 .eh_frame      0x000000000011c830       0x48 binaries/mark.o
                                         0x74 (size before relaxing)
 .eh_frame      0x000000000011c878       0x54 binaries/meminit.o
                                         0x94 (size before relaxing)
 .eh_frame      0x000000000011c8cc       0x24 binaries/mkbufpool.o
                                         0x50 (size before relaxing)
 .eh_frame      0x000000000011c8f0       0x24 binaries/mymotd.o
                                         0x50 (size before relaxing)
 .eh_frame      0x000000000011c914       0x24 binaries/newqueue.o
                                         0x50 (size before relaxing)
 .eh_frame      0x000000000011c938       0x24 binaries/open.o
                                         0x50 (size before relaxing)
 .eh_frame      0x000000000011c95c       0x1c binaries/panic.o
                                         0x48 (size before relaxing)
 .eh_frame      0x000000000011c978      0x1c0 binaries/pci.o
                                        0x1ec (size before relaxing)
 .eh_frame      0x000000000011cb38       0x6c binaries/platinit.o
                                         0xac (size before relaxing)
 .eh_frame      0x000000000011cba4       0x24 binaries/ptclear.o
                                         0x50 (size before relaxing)
 .eh_frame      0x000000000011cbc8       0x24 binaries/ptcount.o
                                         0x50 (size before relaxing)
 .eh_frame      0x000000000011cbec       0x24 binaries/ptcreate.o
                                         0x50 (size before relaxing)
 .eh_frame      0x000000000011cc10       0x24 binaries/ptdelete.o
                                         0x50 (size before relaxing)
 .eh_frame      0x000000000011cc34       0x24 binaries/ptinit.o
                                         0x50 (size before relaxing)
 .eh_frame      0x000000000011cc58       0x24 binaries/ptrecv.o
                                         0x50 (size before relaxing)
 .eh_frame      0x000000000011cc7c       0x24 binaries/ptreset.o
                                         0x50 (size before relaxing)
 .eh_frame      0x000000000011cca0       0x24 binaries/ptsend.o
                                         0x50 (size before relaxing)
 .eh_frame      0x000000000011ccc4       0x24 binaries/putc.o
                                         0x50 (size before relaxing)
 .eh_frame      0x000000000011cce8       0x24 binaries/quark_irq.o
                                         0x50 (size before relaxing)
 .eh_frame      0x000000000011cd0c       0x48 binaries/quark_pdat.o
                                         0x74 (size before relaxing)
 .eh_frame      0x000000000011cd54       0x48 binaries/queue.o
                                         0x88 (size before relaxing)
 .eh_frame      0x000000000011cd9c       0x20 binaries/quietmalware.o
                                         0x4c (size before relaxing)
 .eh_frame      0x000000000011cdbc       0x48 binaries/rcreate.o
                                         0x88 (size before relaxing)
 .eh_frame      0x000000000011ce04       0x24 binaries/read.o
                                         0x50 (size before relaxing)
 .eh_frame      0x000000000011ce28       0x28 binaries/ready.o
                                         0x54 (size before relaxing)
 .eh_frame      0x000000000011ce50       0x24 binaries/receive.o
                                         0x50 (size before relaxing)
 .eh_frame      0x000000000011ce74       0x24 binaries/recvclr.o
                                         0x50 (size before relaxing)
 .eh_frame      0x000000000011ce98       0x24 binaries/recvtime.o
                                         0x50 (size before relaxing)
 .eh_frame      0x000000000011cebc       0x48 binaries/resched.o
                                         0x88 (size before relaxing)
 .eh_frame      0x000000000011cf04       0x24 binaries/resume.o
                                         0x50 (size before relaxing)
 .eh_frame      0x000000000011cf28       0x24 binaries/seek.o
                                         0x50 (size before relaxing)
 .eh_frame      0x000000000011cf4c       0x24 binaries/semcount.o
                                         0x50 (size before relaxing)
 .eh_frame      0x000000000011cf70       0x48 binaries/semcreate.o
                                         0x88 (size before relaxing)
 .eh_frame      0x000000000011cfb8       0x24 binaries/semdelete.o
                                         0x50 (size before relaxing)
 .eh_frame      0x000000000011cfdc       0x24 binaries/semreset.o
                                         0x50 (size before relaxing)
 .eh_frame      0x000000000011d000       0x24 binaries/send.o
                                         0x50 (size before relaxing)
 .eh_frame      0x000000000011d024       0x24 binaries/signal.o
                                         0x50 (size before relaxing)
 .eh_frame      0x000000000011d048       0x24 binaries/signaln.o
                                         0x50 (size before relaxing)
 .eh_frame      0x000000000011d06c       0x44 binaries/sleep.o
                                         0x84 (size before relaxing)
 .eh_frame      0x000000000011d0b0       0x24 binaries/suspend.o
                                         0x50 (size before relaxing)
 .eh_frame      0x000000000011d0d4       0x24 binaries/unsleep.o
                                         0x50 (size before relaxing)
 .eh_frame      0x000000000011d0f8       0x24 binaries/userret.o
                                         0x50 (size before relaxing)
 .eh_frame      0x000000000011d11c       0x24 binaries/victimA.o
                                         0x50 (size before relaxing)
 .eh_frame      0x000000000011d140       0x24 binaries/wait.o
                                         0x50 (size before relaxing)
 .eh_frame      0x000000000011d164       0x24 binaries/wakeup.o
                                         0x50 (size before relaxing)
 .eh_frame      0x000000000011d188       0x24 binaries/write.o
                                         0x50 (size before relaxing)
 .eh_frame      0x000000000011d1ac       0x24 binaries/xdone.o
                                         0x50 (size before relaxing)
 .eh_frame      0x000000000011d1d0       0x24 binaries/yield.o
                                         0x50 (size before relaxing)
 .eh_frame      0x000000000011d1f4       0x20 binaries/abs.o
                                         0x4c (size before relaxing)
 .eh_frame      0x000000000011d214       0x20 binaries/atoi.o
                                         0x4c (size before relaxing)
 .eh_frame      0x000000000011d234       0x20 binaries/atol.o
                                         0x4c (size before relaxing)
 .eh_frame      0x000000000011d254       0x20 binaries/bzero.o
                                         0x4c (size before relaxing)
 .eh_frame      0x000000000011d274       0xec binaries/doprnt.o
                                        0x140 (size before relaxing)
 .eh_frame      0x000000000011d360       0xc8 binaries/doscan.o
                                         0xf4 (size before relaxing)
 .eh_frame      0x000000000011d428       0xcc binaries/fdoprnt.o
                                        0x10c (size before relaxing)
 .eh_frame      0x000000000011d4f4       0x24 binaries/fgetc.o
                                         0x50 (size before relaxing)
 .eh_frame      0x000000000011d518       0x24 binaries/fgets.o
                                         0x50 (size before relaxing)
 .eh_frame      0x000000000011d53c       0x24 binaries/fprintf.o
                                         0x50 (size before relaxing)
 .eh_frame      0x000000000011d560       0x24 binaries/fputc.o
                                         0x50 (size before relaxing)
 .eh_frame      0x000000000011d584       0x24 binaries/fputs.o
                                         0x50 (size before relaxing)
 .eh_frame      0x000000000011d5a8       0x68 binaries/fscanf.o
                                         0x94 (size before relaxing)
 .eh_frame      0x000000000011d610       0x24 binaries/getchar.o
                                         0x50 (size before relaxing)
 .eh_frame      0x000000000011d634       0x20 binaries/labs.o
                                         0x4c (size before relaxing)
 .eh_frame      0x000000000011d654       0x20 binaries/memcmp.o
                                         0x4c (size before relaxing)
 .eh_frame      0x000000000011d674       0x24 binaries/memcpy.o
                                         0x50 (size before relaxing)
 .eh_frame      0x000000000011d698       0x24 binaries/memset.o
                                         0x50 (size before relaxing)
 .eh_frame      0x000000000011d6bc       0x24 binaries/printf.o
                                         0x50 (size before relaxing)
 .eh_frame      0x000000000011d6e0       0x24 binaries/putchar.o
                                         0x50 (size before relaxing)
 .eh_frame      0x000000000011d704       0xa4 binaries/qsort.o
                                         0xd0 (size before relaxing)
 .eh_frame      0x000000000011d7a8       0x60 binaries/rand.o
                                         0x8c (size before relaxing)
 .eh_frame      0x000000000011d808       0x44 binaries/sprintf.o
                                         0x70 (size before relaxing)
 .eh_frame      0x000000000011d84c       0x64 binaries/sscanf.o
                                         0x90 (size before relaxing)
 .eh_frame      0x000000000011d8b0       0x20 binaries/strchr.o
                                         0x4c (size before relaxing)
 .eh_frame      0x000000000011d8d0       0x20 binaries/strcmp.o
                                         0x4c (size before relaxing)
 .eh_frame      0x000000000011d8f0       0x20 binaries/strcpy.o
                                         0x4c (size before relaxing)
 .eh_frame      0x000000000011d910       0x20 binaries/strlen.o
                                         0x4c (size before relaxing)
 .eh_frame      0x000000000011d930       0x20 binaries/strncat.o
                                         0x4c (size before relaxing)
 .eh_frame      0x000000000011d950       0x20 binaries/strncmp.o
                                         0x4c (size before relaxing)
 .eh_frame      0x000000000011d970       0x28 binaries/strncpy.o
                                         0x54 (size before relaxing)
 .eh_frame      0x000000000011d998       0x20 binaries/strnlen.o
                                         0x4c (size before relaxing)
 .eh_frame      0x000000000011d9b8       0x20 binaries/strrchr.o
                                         0x4c (size before relaxing)
 .eh_frame      0x000000000011d9d8       0x20 binaries/strstr.o
                                         0x4c (size before relaxing)
 .eh_frame      0x000000000011d9f8       0x24 binaries/ttycontrol.o
                                         0x50 (size before relaxing)
 .eh_frame      0x000000000011da1c       0x24 binaries/ttygetc.o
                                         0x50 (size before relaxing)
 .eh_frame      0x000000000011da40       0x88 binaries/ttyhandle_in.o
                                         0xdc (size before relaxing)
 .eh_frame      0x000000000011dac8       0x24 binaries/ttyhandle_out.o
                                         0x50 (size before relaxing)
 .eh_frame      0x000000000011daec       0x24 binaries/ttyhandler.o
                                         0x50 (size before relaxing)
 .eh_frame      0x000000000011db10       0x24 binaries/ttyinit.o
                                         0x50 (size before relaxing)
 .eh_frame      0x000000000011db34       0x20 binaries/ttykickout.o
                                         0x4c (size before relaxing)
 .eh_frame      0x000000000011db54       0x24 binaries/ttyputc.o
                                         0x50 (size before relaxing)
 .eh_frame      0x000000000011db78       0x24 binaries/ttyread.o
                                         0x50 (size before relaxing)
 .eh_frame      0x000000000011db9c       0x24 binaries/ttywrite.o
                                         0x50 (size before relaxing)
 .eh_frame      0x000000000011dbc0       0x44 binaries/mount.o
                                         0x84 (size before relaxing)
 .eh_frame      0x000000000011dc04       0x24 binaries/naminit.o
                                         0x50 (size before relaxing)
 .eh_frame      0x000000000011dc28       0x68 binaries/nammap.o
                                         0xa8 (size before relaxing)
 .eh_frame      0x000000000011dc90       0x24 binaries/namopen.o
                                         0x50 (size before relaxing)
 .eh_frame      0x000000000011dcb4       0x24 binaries/ethcontrol.o
                                         0x50 (size before relaxing)
 .eh_frame      0x000000000011dcd8       0x24 binaries/ethhandler.o
                                         0x50 (size before relaxing)
 .eh_frame      0x000000000011dcfc       0xb8 binaries/ethinit.o
                                         0xf8 (size before relaxing)
 .eh_frame      0x000000000011ddb4       0x48 binaries/ethmcast.o
                                         0x88 (size before relaxing)
 .eh_frame      0x000000000011ddfc       0x24 binaries/ethread.o
                                         0x50 (size before relaxing)
 .eh_frame      0x000000000011de20       0x24 binaries/ethwrite.o
                                         0x50 (size before relaxing)
 .eh_frame      0x000000000011de44       0x24 binaries/rdsbufalloc.o
                                         0x50 (size before relaxing)
 .eh_frame      0x000000000011de68       0x20 binaries/rdsclose.o
                                         0x4c (size before relaxing)
 .eh_frame      0x000000000011de88       0x24 binaries/rdscomm.o
                                         0x50 (size before relaxing)
 .eh_frame      0x000000000011deac       0x24 binaries/rdscontrol.o
                                         0x50 (size before relaxing)
 .eh_frame      0x000000000011ded0       0x24 binaries/rdsinit.o
                                         0x50 (size before relaxing)
 .eh_frame      0x000000000011def4       0x24 binaries/rdsopen.o
                                         0x50 (size before relaxing)
 .eh_frame      0x000000000011df18       0x1c binaries/rdsprocess.o
                                         0x48 (size before relaxing)
 .eh_frame      0x000000000011df34       0x24 binaries/rdsread.o
                                         0x50 (size before relaxing)
 .eh_frame      0x000000000011df58       0x24 binaries/rdswrite.o
                                         0x50 (size before relaxing)
 .eh_frame      0x000000000011df7c       0x20 binaries/ramclose.o
                                         0x4c (size before relaxing)
 .eh_frame      0x000000000011df9c       0x24 binaries/raminit.o
                                         0x50 (size before relaxing)
 .eh_frame      0x000000000011dfc0       0x20 binaries/ramopen.o
                                         0x4c (size before relaxing)
 .eh_frame      0x000000000011dfe0       0x24 binaries/ramread.o
                                         0x50 (size before relaxing)
 .eh_frame      0x000000000011e004       0x24 binaries/ramwrite.o
                                         0x50 (size before relaxing)
 .eh_frame      0x000000000011e028       0x24 binaries/lfdballoc.o
                                         0x50 (size before relaxing)
 .eh_frame      0x000000000011e04c       0x24 binaries/lfdbfree.o
                                         0x50 (size before relaxing)
 .eh_frame      0x000000000011e070       0x24 binaries/lfflush.o
                                         0x50 (size before relaxing)
 .eh_frame      0x000000000011e094       0x20 binaries/lfgetmode.o
                                         0x4c (size before relaxing)
 .eh_frame      0x000000000011e0b4       0x24 binaries/lfiballoc.o
                                         0x50 (size before relaxing)
 .eh_frame      0x000000000011e0d8       0x20 binaries/lfibclear.o
                                         0x4c (size before relaxing)
 .eh_frame      0x000000000011e0f8       0x24 binaries/lfibget.o
                                         0x50 (size before relaxing)
 .eh_frame      0x000000000011e11c       0x24 binaries/lfibput.o
                                         0x50 (size before relaxing)
 .eh_frame      0x000000000011e140       0x24 binaries/lflclose.o
                                         0x50 (size before relaxing)
 .eh_frame      0x000000000011e164       0x24 binaries/lflcontrol.o
                                         0x50 (size before relaxing)
 .eh_frame      0x000000000011e188       0x24 binaries/lflgetc.o
                                         0x50 (size before relaxing)
 .eh_frame      0x000000000011e1ac       0x24 binaries/lflinit.o
                                         0x50 (size before relaxing)
 .eh_frame      0x000000000011e1d0       0x24 binaries/lflputc.o
                                         0x50 (size before relaxing)
 .eh_frame      0x000000000011e1f4       0x24 binaries/lflread.o
                                         0x50 (size before relaxing)
 .eh_frame      0x000000000011e218       0x24 binaries/lflseek.o
                                         0x50 (size before relaxing)
 .eh_frame      0x000000000011e23c       0x24 binaries/lflwrite.o
                                         0x50 (size before relaxing)
 .eh_frame      0x000000000011e260       0x20 binaries/lfscheck.o
                                         0x4c (size before relaxing)
 .eh_frame      0x000000000011e280       0x24 binaries/lfsckfmt.o
                                         0x50 (size before relaxing)
 .eh_frame      0x000000000011e2a4       0x24 binaries/lfscreate.o
                                         0x50 (size before relaxing)
 .eh_frame      0x000000000011e2c8       0x24 binaries/lfsetup.o
                                         0x50 (size before relaxing)
 .eh_frame      0x000000000011e2ec       0x24 binaries/lfsinit.o
                                         0x50 (size before relaxing)
 .eh_frame      0x000000000011e310       0x24 binaries/lfsopen.o
                                         0x50 (size before relaxing)
 .eh_frame      0x000000000011e334       0x24 binaries/lftruncate.o
                                         0x50 (size before relaxing)
 .eh_frame      0x000000000011e358       0x24 binaries/rflclose.o
                                         0x50 (size before relaxing)
 .eh_frame      0x000000000011e37c       0x24 binaries/rflgetc.o
                                         0x50 (size before relaxing)
 .eh_frame      0x000000000011e3a0       0x20 binaries/rflinit.o
                                         0x4c (size before relaxing)
 .eh_frame      0x000000000011e3c0       0x24 binaries/rflputc.o
                                         0x50 (size before relaxing)
 .eh_frame      0x000000000011e3e4       0x24 binaries/rflread.o
                                         0x50 (size before relaxing)
 .eh_frame      0x000000000011e408       0x24 binaries/rflseek.o
                                         0x50 (size before relaxing)
 .eh_frame      0x000000000011e42c       0x24 binaries/rflwrite.o
                                         0x50 (size before relaxing)
 .eh_frame      0x000000000011e450       0x24 binaries/rfscomm.o
                                         0x50 (size before relaxing)
 .eh_frame      0x000000000011e474       0x24 binaries/rfscontrol.o
                                         0x50 (size before relaxing)
 .eh_frame      0x000000000011e498       0x20 binaries/rfsgetmode.o
                                         0x4c (size before relaxing)
 .eh_frame      0x000000000011e4b8       0x24 binaries/rfsinit.o
                                         0x50 (size before relaxing)
 .eh_frame      0x000000000011e4dc       0x24 binaries/rfsndmsg.o
                                         0x50 (size before relaxing)
 .eh_frame      0x000000000011e500       0x24 binaries/rfsopen.o
                                         0x50 (size before relaxing)
 .eh_frame      0x000000000011e524       0xd0 binaries/arp.o
                                        0x124 (size before relaxing)
 .eh_frame      0x000000000011e5f4       0xac binaries/dhcp.o
                                         0xec (size before relaxing)
 .eh_frame      0x000000000011e6a0       0x90 binaries/dns.o
                                         0xd0 (size before relaxing)
 .eh_frame      0x000000000011e730       0x20 binaries/dot2ip.o
                                         0x4c (size before relaxing)
 .eh_frame      0x000000000011e750       0x48 binaries/hexdump.o
                                         0x74 (size before relaxing)
 .eh_frame      0x000000000011e798      0x168 binaries/icmp.o
                                        0x1bc (size before relaxing)
 .eh_frame      0x000000000011e900      0x130 binaries/ip.o
                                        0x170 (size before relaxing)
 .eh_frame      0x000000000011ea30       0xa8 binaries/net.o
                                         0xfc (size before relaxing)
 .eh_frame      0x000000000011ead8       0x60 binaries/pdump.o
                                         0xa0 (size before relaxing)
 .eh_frame      0x000000000011eb38       0x54 binaries/tftp.o
                                         0x80 (size before relaxing)
 .eh_frame      0x000000000011eb8c      0x160 binaries/udp.o
                                        0x1b4 (size before relaxing)
 .eh_frame      0x000000000011ecec       0x24 binaries/addargs.o
                                         0x50 (size before relaxing)
 .eh_frame      0x000000000011ed10       0x20 binaries/lexan.o
                                         0x4c (size before relaxing)
 .eh_frame      0x000000000011ed30       0x2c binaries/shell.o
                                         0x58 (size before relaxing)
 .eh_frame      0x000000000011ed5c       0x24 binaries/xsh_argecho.o
                                         0x50 (size before relaxing)
 .eh_frame      0x000000000011ed80       0x48 binaries/xsh_arp.o
                                         0x74 (size before relaxing)
 .eh_frame      0x000000000011edc8       0x24 binaries/xsh_cat.o
                                         0x50 (size before relaxing)
 .eh_frame      0x000000000011edec       0x24 binaries/xsh_clear.o
                                         0x50 (size before relaxing)
 .eh_frame      0x000000000011ee10       0x24 binaries/xsh_date.o
                                         0x50 (size before relaxing)
 .eh_frame      0x000000000011ee34       0x24 binaries/xsh_devdump.o
                                         0x50 (size before relaxing)
 .eh_frame      0x000000000011ee58       0x24 binaries/xsh_echo.o
                                         0x50 (size before relaxing)
 .eh_frame      0x000000000011ee7c       0x20 binaries/xsh_exit.o
                                         0x4c (size before relaxing)
 .eh_frame      0x000000000011ee9c       0x24 binaries/xsh_help.o
                                         0x50 (size before relaxing)
 .eh_frame      0x000000000011eec0       0x24 binaries/xsh_kill.o
                                         0x50 (size before relaxing)
 .eh_frame      0x000000000011eee4       0x44 binaries/xsh_memdump.o
                                         0x84 (size before relaxing)
 .eh_frame      0x000000000011ef28       0x6c binaries/xsh_memstat.o
                                         0x98 (size before relaxing)
 .eh_frame      0x000000000011ef94       0x30 binaries/xsh_netinfo.o
                                         0x5c (size before relaxing)
 .eh_frame      0x000000000011efc4       0x2c binaries/xsh_ping.o
                                         0x58 (size before relaxing)
 .eh_frame      0x000000000011eff0       0x30 binaries/xsh_ps.o
                                         0x5c (size before relaxing)
 .eh_frame      0x000000000011f020       0x24 binaries/xsh_sleep.o
                                         0x50 (size before relaxing)
 .eh_frame      0x000000000011f044       0x24 binaries/xsh_udpdump.o
                                         0x50 (size before relaxing)
 .eh_frame      0x000000000011f068       0x30 binaries/xsh_udpecho.o
                                         0x5c (size before relaxing)
 .eh_frame      0x000000000011f098       0x2c binaries/xsh_udpserver.o
                                         0x58 (size before relaxing)
 .eh_frame      0x000000000011f0c4       0x24 binaries/xsh_uptime.o
                                         0x50 (size before relaxing)

.iplt           0x000000000011f0e8        0x0
 .iplt          0x000000000011f0e8        0x0 binaries/start.o

.rel.dyn        0x000000000011f0e8        0x0
 .rel.got       0x000000000011f0e8        0x0 binaries/start.o
 .rel.iplt      0x000000000011f0e8        0x0 binaries/start.o
 .rel.text      0x000000000011f0e8        0x0 binaries/start.o

.data           0x000000000011f100     0x1f00
                0x000000000011f100                data = ABSOLUTE (.)
 *(.data .data.*)
 .data          0x000000000011f100      0x83a binaries/start.o
                0x000000000011f100                gdt
                0x000000000011f130                idt
                0x000000000011f936                cpudelay
 .data          0x000000000011f93a        0x0 binaries/ascdate.o
 *fill*         0x000000000011f93a        0x6 
 .data.rel.local
                0x000000000011f940       0x88 binaries/ascdate.o
                0x000000000011f940                Date
 .data          0x000000000011f9c8        0x0 binaries/attackerA.o
 .data          0x000000000011f9c8        0x0 binaries/attackerB.o
 .data          0x000000000011f9c8        0x0 binaries/bsend.o
 .data          0x000000000011f9c8        0x0 binaries/bufinit.o
 .data          0x000000000011f9c8        0x0 binaries/chprio.o
 .data          0x000000000011f9c8        0x4 binaries/clkhandler.o
 .data          0x000000000011f9cc        0x0 binaries/clkinit.o
 .data          0x000000000011f9cc        0x0 binaries/close.o
 .data          0x000000000011f9cc        0x0 binaries/conf.o
 *fill*         0x000000000011f9cc       0x14 
 .data.rel      0x000000000011f9e0      0x5a0 binaries/conf.o
                0x000000000011f9e0                devtab
 .data          0x000000000011ff80        0x0 binaries/control.o
 .data          0x000000000011ff80        0x4 binaries/create.o
 .data          0x000000000011ff84        0x0 binaries/early_imr.o
 .data          0x000000000011ff84        0x0 binaries/evec.o
 *fill*         0x000000000011ff84       0x1c 
 .data.rel.local
                0x000000000011ffa0       0x40 binaries/evec.o
                0x000000000011ffa0                inames
 .data          0x000000000011ffe0        0x0 binaries/exit.o
 .data          0x000000000011ffe0        0x0 binaries/freebuf.o
 .data          0x000000000011ffe0        0x0 binaries/freemem.o
 .data          0x000000000011ffe0        0x0 binaries/getbuf.o
 .data          0x000000000011ffe0        0x0 binaries/getc.o
 .data          0x000000000011ffe0        0x0 binaries/getdev.o
 .data          0x000000000011ffe0        0x0 binaries/getitem.o
 .data          0x000000000011ffe0        0x0 binaries/getmem.o
 .data          0x000000000011ffe0        0x0 binaries/getpid.o
 .data          0x000000000011ffe0        0x0 binaries/getprio.o
 .data          0x000000000011ffe0        0x0 binaries/getstk.o
 .data          0x000000000011ffe0        0x0 binaries/getticks.o
 .data          0x000000000011ffe0        0x0 binaries/gettime.o
 .data          0x000000000011ffe0        0x0 binaries/getutime.o
 .data          0x000000000011ffe0        0x0 binaries/hellomalware.o
 .data          0x000000000011ffe0        0x0 binaries/init.o
 .data          0x000000000011ffe0        0x0 binaries/initialize.o
 .data          0x000000000011ffe0        0x0 binaries/insert.o
 .data          0x000000000011ffe0        0x0 binaries/insertd.o
 .data          0x000000000011ffe0        0x0 binaries/ioerr.o
 .data          0x000000000011ffe0        0x0 binaries/ionull.o
 .data          0x000000000011ffe0        0x0 binaries/kill.o
 .data          0x000000000011ffe0        0x0 binaries/kprintf.o
 .data          0x000000000011ffe0        0x0 binaries/main.o
 .data          0x000000000011ffe0        0x0 binaries/mark.o
 .data          0x000000000011ffe0       0x40 binaries/meminit.o
                0x000000000011ffe0                bootsign
                0x000000000011ffe4                bootinfo
                0x0000000000120000                gdt_copy
 .data          0x0000000000120020        0x0 binaries/mkbufpool.o
 .data          0x0000000000120020        0x0 binaries/mymotd.o
 .data          0x0000000000120020        0x2 binaries/newqueue.o
 .data          0x0000000000120022        0x0 binaries/open.o
 .data          0x0000000000120022        0x0 binaries/panic.o
 .data          0x0000000000120022        0x0 binaries/pci.o
 .data          0x0000000000120022        0x0 binaries/platinit.o
 .data          0x0000000000120022        0x0 binaries/ptclear.o
 .data          0x0000000000120022        0x0 binaries/ptcount.o
 .data          0x0000000000120022        0x0 binaries/ptcreate.o
 .data          0x0000000000120022        0x0 binaries/ptdelete.o
 .data          0x0000000000120022        0x0 binaries/ptinit.o
 .data          0x0000000000120022        0x0 binaries/ptrecv.o
 .data          0x0000000000120022        0x0 binaries/ptreset.o
 .data          0x0000000000120022        0x0 binaries/ptsend.o
 .data          0x0000000000120022        0x0 binaries/putc.o
 .data          0x0000000000120022        0x0 binaries/quark_irq.o
 .data          0x0000000000120022        0x0 binaries/quark_pdat.o
 .data          0x0000000000120022        0x0 binaries/queue.o
 .data          0x0000000000120022        0x0 binaries/quietmalware.o
 *fill*         0x0000000000120022        0x2 
 .data          0x0000000000120024        0x4 binaries/rcreate.o
 .data          0x0000000000120028        0x0 binaries/read.o
 .data          0x0000000000120028        0x0 binaries/ready.o
 .data          0x0000000000120028        0x0 binaries/receive.o
 .data          0x0000000000120028        0x0 binaries/recvclr.o
 .data          0x0000000000120028        0x0 binaries/recvtime.o
 .data          0x0000000000120028        0x0 binaries/resched.o
 .data          0x0000000000120028        0x0 binaries/resume.o
 .data          0x0000000000120028        0x0 binaries/seek.o
 .data          0x0000000000120028        0x0 binaries/semcount.o
 .data          0x0000000000120028        0x0 binaries/semcreate.o
 .data          0x0000000000120028        0x0 binaries/semdelete.o
 .data          0x0000000000120028        0x0 binaries/semreset.o
 .data          0x0000000000120028        0x0 binaries/send.o
 .data          0x0000000000120028        0x0 binaries/signal.o
 .data          0x0000000000120028        0x0 binaries/signaln.o
 .data          0x0000000000120028        0x0 binaries/sleep.o
 .data          0x0000000000120028        0x0 binaries/suspend.o
 .data          0x0000000000120028        0x0 binaries/unsleep.o
 .data          0x0000000000120028        0x0 binaries/userret.o
 .data          0x0000000000120028        0x0 binaries/victimA.o
 .data          0x0000000000120028        0x0 binaries/wait.o
 .data          0x0000000000120028        0x0 binaries/wakeup.o
 .data          0x0000000000120028        0x0 binaries/write.o
 .data          0x0000000000120028        0x0 binaries/xdone.o
 .data          0x0000000000120028        0x0 binaries/yield.o
 .data          0x0000000000120028        0x0 binaries/abs.o
 .data          0x0000000000120028        0x0 binaries/atoi.o
 .data          0x0000000000120028        0x0 binaries/atol.o
 .data          0x0000000000120028        0x0 binaries/bzero.o
 .data          0x0000000000120028        0x0 binaries/ctype_.o
 .data          0x0000000000120028        0x0 binaries/doprnt.o
 *fill*         0x0000000000120028       0x18 
 .data          0x0000000000120040       0x80 binaries/doscan.o
                0x0000000000120040                _sctab
 .data          0x00000000001200c0        0x0 binaries/fdoprnt.o
 .data          0x00000000001200c0        0x0 binaries/fgetc.o
 .data          0x00000000001200c0        0x0 binaries/fgets.o
 .data          0x00000000001200c0        0x0 binaries/fprintf.o
 .data          0x00000000001200c0        0x0 binaries/fputc.o
 .data          0x00000000001200c0        0x0 binaries/fputs.o
 .data          0x00000000001200c0        0x0 binaries/fscanf.o
 .data          0x00000000001200c0        0x0 binaries/getchar.o
 .data          0x00000000001200c0        0x0 binaries/labs.o
 .data          0x00000000001200c0        0x0 binaries/memchr.o
 .data          0x00000000001200c0        0x0 binaries/memcmp.o
 .data          0x00000000001200c0        0x0 binaries/memcpy.o
 .data          0x00000000001200c0        0x0 binaries/memset.o
 .data          0x00000000001200c0        0x0 binaries/printf.o
 .data          0x00000000001200c0        0x0 binaries/putchar.o
 .data          0x00000000001200c0        0x0 binaries/qsort.o
 .data          0x00000000001200c0        0x4 binaries/rand.o
 .data          0x00000000001200c4        0x0 binaries/sprintf.o
 .data          0x00000000001200c4        0x0 binaries/sscanf.o
 .data          0x00000000001200c4        0x0 binaries/strchr.o
 .data          0x00000000001200c4        0x0 binaries/strcmp.o
 .data          0x00000000001200c4        0x0 binaries/strcpy.o
 .data          0x00000000001200c4        0x0 binaries/strlen.o
 .data          0x00000000001200c4        0x0 binaries/strncat.o
 .data          0x00000000001200c4        0x0 binaries/strncmp.o
 .data          0x00000000001200c4        0x0 binaries/strncpy.o
 .data          0x00000000001200c4        0x0 binaries/strnlen.o
 .data          0x00000000001200c4        0x0 binaries/strrchr.o
 .data          0x00000000001200c4        0x0 binaries/strstr.o
 .data          0x00000000001200c4        0x0 binaries/ttycontrol.o
 .data          0x00000000001200c4        0x0 binaries/ttygetc.o
 .data          0x00000000001200c4        0x0 binaries/ttyhandle_in.o
 .data          0x00000000001200c4        0x0 binaries/ttyhandle_out.o
 .data          0x00000000001200c4        0x0 binaries/ttyhandler.o
 .data          0x00000000001200c4        0x0 binaries/ttyinit.o
 .data          0x00000000001200c4        0x0 binaries/ttykickout.o
 .data          0x00000000001200c4        0x0 binaries/ttyputc.o
 .data          0x00000000001200c4        0x0 binaries/ttyread.o
 .data          0x00000000001200c4        0x0 binaries/ttywrite.o
 .data          0x00000000001200c4        0x0 binaries/mount.o
 .data          0x00000000001200c4        0x0 binaries/naminit.o
 .data          0x00000000001200c4        0x0 binaries/nammap.o
 .data          0x00000000001200c4        0x0 binaries/namopen.o
 .data          0x00000000001200c4        0x0 binaries/ethcontrol.o
 .data          0x00000000001200c4        0x0 binaries/ethhandler.o
 .data          0x00000000001200c4        0x0 binaries/ethinit.o
 .data          0x00000000001200c4        0x0 binaries/ethmcast.o
 .data          0x00000000001200c4        0x0 binaries/ethread.o
 .data          0x00000000001200c4        0x0 binaries/ethwrite.o
 .data          0x00000000001200c4        0x0 binaries/rdsbufalloc.o
 .data          0x00000000001200c4        0x0 binaries/rdsclose.o
 .data          0x00000000001200c4        0x0 binaries/rdscomm.o
 .data          0x00000000001200c4        0x0 binaries/rdscontrol.o
 .data          0x00000000001200c4        0x0 binaries/rdsinit.o
 .data          0x00000000001200c4        0x0 binaries/rdsopen.o
 .data          0x00000000001200c4        0x0 binaries/rdsprocess.o
 .data          0x00000000001200c4        0x0 binaries/rdsread.o
 .data          0x00000000001200c4        0x0 binaries/rdswrite.o
 .data          0x00000000001200c4        0x0 binaries/ramclose.o
 .data          0x00000000001200c4        0x0 binaries/raminit.o
 .data          0x00000000001200c4        0x0 binaries/ramopen.o
 .data          0x00000000001200c4        0x0 binaries/ramread.o
 .data          0x00000000001200c4        0x0 binaries/ramwrite.o
 .data          0x00000000001200c4        0x0 binaries/lfdballoc.o
 .data          0x00000000001200c4        0x0 binaries/lfdbfree.o
 .data          0x00000000001200c4        0x0 binaries/lfflush.o
 .data          0x00000000001200c4        0x0 binaries/lfgetmode.o
 .data          0x00000000001200c4        0x0 binaries/lfiballoc.o
 .data          0x00000000001200c4        0x0 binaries/lfibclear.o
 .data          0x00000000001200c4        0x0 binaries/lfibget.o
 .data          0x00000000001200c4        0x0 binaries/lfibput.o
 .data          0x00000000001200c4        0x0 binaries/lflclose.o
 .data          0x00000000001200c4        0x0 binaries/lflcontrol.o
 .data          0x00000000001200c4        0x0 binaries/lflgetc.o
 .data          0x00000000001200c4        0x0 binaries/lflinit.o
 .data          0x00000000001200c4        0x0 binaries/lflputc.o
 .data          0x00000000001200c4        0x0 binaries/lflread.o
 .data          0x00000000001200c4        0x0 binaries/lflseek.o
 .data          0x00000000001200c4        0x0 binaries/lflwrite.o
 .data          0x00000000001200c4        0x0 binaries/lfscheck.o
 .data          0x00000000001200c4        0x0 binaries/lfsckfmt.o
 .data          0x00000000001200c4        0x0 binaries/lfscreate.o
 .data          0x00000000001200c4        0x0 binaries/lfsetup.o
 .data          0x00000000001200c4        0x0 binaries/lfsinit.o
 .data          0x00000000001200c4        0x0 binaries/lfsopen.o
 .data          0x00000000001200c4        0x0 binaries/lftruncate.o
 .data          0x00000000001200c4        0x0 binaries/rflclose.o
 .data          0x00000000001200c4        0x0 binaries/rflgetc.o
 .data          0x00000000001200c4        0x0 binaries/rflinit.o
 .data          0x00000000001200c4        0x0 binaries/rflputc.o
 .data          0x00000000001200c4        0x0 binaries/rflread.o
 .data          0x00000000001200c4        0x0 binaries/rflseek.o
 .data          0x00000000001200c4        0x0 binaries/rflwrite.o
 .data          0x00000000001200c4        0x0 binaries/rfscomm.o
 .data          0x00000000001200c4        0x0 binaries/rfscontrol.o
 .data          0x00000000001200c4        0x0 binaries/rfsgetmode.o
 .data          0x00000000001200c4        0x0 binaries/rfsinit.o
 .data          0x00000000001200c4        0x0 binaries/rfsndmsg.o
 .data          0x00000000001200c4        0x0 binaries/rfsopen.o
 .data          0x00000000001200c4        0x0 binaries/arp.o
 .data          0x00000000001200c4        0x0 binaries/dhcp.o
 .data          0x00000000001200c4        0x0 binaries/dns.o
 .data          0x00000000001200c4        0x0 binaries/dot2ip.o
 .data          0x00000000001200c4        0x0 binaries/hexdump.o
 .data          0x00000000001200c4        0x4 binaries/icmp.o
 .data          0x00000000001200c8        0x0 binaries/ip.o
 .data          0x00000000001200c8        0x0 binaries/net.o
 .data          0x00000000001200c8        0x0 binaries/pdump.o
 .data          0x00000000001200c8        0x0 binaries/tftp.o
 .data          0x00000000001200c8        0x4 binaries/udp.o
 .data          0x00000000001200cc        0x0 binaries/addargs.o
 .data          0x00000000001200cc        0x0 binaries/lexan.o
 .data          0x00000000001200cc        0x4 binaries/shell.o
                0x00000000001200cc                ncmd
 *fill*         0x00000000001200d0       0x10 
 .data.rel.ro   0x00000000001200e0       0xfc binaries/shell.o
                0x00000000001200e0                cmdtab
 .data          0x00000000001201dc        0x0 binaries/xsh_argecho.o
 .data          0x00000000001201dc        0x0 binaries/xsh_arp.o
 .data          0x00000000001201dc        0x0 binaries/xsh_cat.o
 .data          0x00000000001201dc        0x0 binaries/xsh_clear.o
 .data          0x00000000001201dc        0x0 binaries/xsh_date.o
 .data          0x00000000001201dc        0x0 binaries/xsh_devdump.o
 .data          0x00000000001201dc        0x0 binaries/xsh_echo.o
 .data          0x00000000001201dc        0x0 binaries/xsh_exit.o
 .data          0x00000000001201dc        0x0 binaries/xsh_help.o
 .data          0x00000000001201dc        0x0 binaries/xsh_kill.o
 .data          0x00000000001201dc        0x0 binaries/xsh_memdump.o
 .data          0x00000000001201dc        0x0 binaries/xsh_memstat.o
 .data          0x00000000001201dc        0x0 binaries/xsh_netinfo.o
 .data          0x00000000001201dc        0x0 binaries/xsh_ping.o
 *fill*         0x00000000001201dc        0x4 
 .data          0x00000000001201e0       0x20 binaries/xsh_ps.o
 .data          0x0000000000120200        0x0 binaries/xsh_sleep.o
 .data          0x0000000000120200        0x0 binaries/xsh_udpdump.o
 .data          0x0000000000120200        0x0 binaries/xsh_udpecho.o
 .data          0x0000000000120200        0x0 binaries/xsh_udpserver.o
 .data          0x0000000000120200        0x0 binaries/xsh_uptime.o
 .data          0x0000000000120200        0x0 binaries/clkdisp.o
 .data          0x0000000000120200        0x0 binaries/ctxsw.o
 .data          0x0000000000120200        0x0 binaries/intr.o
 .data          0x0000000000120200        0x0 binaries/ttydispatch.o
 .data          0x0000000000120200        0x0 binaries/ethdispatch.o
                0x0000000000120200                edata = ABSOLUTE (.)
                0x0000000000121000                . = ALIGN (0x1000)
 *fill*         0x0000000000120200      0xe00 

.got            0x0000000000121000        0x0
 .got           0x0000000000121000        0x0 binaries/start.o

.got.plt        0x0000000000121000        0xc
 .got.plt       0x0000000000121000        0xc binaries/start.o
                0x0000000000121000                _GLOBAL_OFFSET_TABLE_

.igot.plt       0x000000000012100c        0x0
 .igot.plt      0x000000000012100c        0x0 binaries/start.o

.bss            0x0000000000121020    0x1ffe0
                0x0000000000121020                bss = ABSOLUTE (.)
 *(.bss .bss.*)
 .bss           0x0000000000121020        0x0 binaries/start.o
 .bss           0x0000000000121020        0x0 binaries/ascdate.o
 .bss           0x0000000000121020        0x0 binaries/attackerA.o
 .bss           0x0000000000121020        0x0 binaries/attackerB.o
 .bss           0x0000000000121020        0x0 binaries/bsend.o
 .bss           0x0000000000121020        0x0 binaries/bufinit.o
 .bss           0x0000000000121020        0x0 binaries/chprio.o
 .bss           0x0000000000121020        0x0 binaries/clkhandler.o
 .bss           0x0000000000121020        0x4 binaries/clkinit.o
                0x0000000000121020                ctr1000
 .bss           0x0000000000121024        0x0 binaries/close.o
 .bss           0x0000000000121024        0x0 binaries/conf.o
 .bss           0x0000000000121024        0x0 binaries/control.o
 .bss           0x0000000000121024        0x0 binaries/create.o
 .bss           0x0000000000121024        0x4 binaries/early_imr.o
 .bss           0x0000000000121028        0x0 binaries/evec.o
 .bss           0x0000000000121028        0x0 binaries/exit.o
 .bss           0x0000000000121028        0x0 binaries/freebuf.o
 .bss           0x0000000000121028        0x0 binaries/freemem.o
 .bss           0x0000000000121028        0x0 binaries/getbuf.o
 .bss           0x0000000000121028        0x0 binaries/getc.o